life_guidance: "尝试进行\\"时间对话\\"练习：每天静坐片刻，邀请不同年龄的自己进行内心对谈。在面临抉择时，同时倾听\\"早晨自我\\"的冲动与\\"黄昏自我\\"的考量。最重要的是，开始记录那些让你感到时间重叠的瞬间——或许是旧地重游时的恍惚，或是似曾相识的感动——这些正是灵魂试图缝合时间裂痕的线索。",
